{
  "$schema": "https://schema.management.azure.com/schemas/2019-04-01/deploymentParameters.json#",
  "contentVersion": "1.0.0.0",
  "parameters": {
    "provisionParameters": {
      "value": {
        "resourceBaseName": "azuremigrac1e830",
        "m365ClientId": "${{AAD_APP_CLIENT_ID}}",
        "m365ClientSecret": "${{SECRET_AAD_APP_CLIENT_SECRET}}",
        "m365TenantId": "${{AAD_APP_TENANT_ID}}",
        "m365OauthAuthorityHost": "${{AAD_APP_OAUTH_AUTHORITY_HOST}}",
        "botAadAppClientId": "${{BOT_ID}}",
        "botAadAppClientSecret": "${{SECRET_BOT_PASSWORD}}",
        "azureSqlAdmin": "${{STATE__FX_RESOURCE_AZURE_SQL__ADMIN}}",
        "azureSqlAdminPassword": "${{SECRET_FX_RESOURCE_AZURE_SQL__ADMINPASSWORD}}",
        "apimClientId": "${{STATE__FX_RESOURCE_APIM__APIMCLIENTAADCLIENTID}}",
        "apimClientSecret": "${{SECRET_FX_RESOURCE_APIM__APIMCLIENTAADCLIENTSECRET}}",
        "apimPublisherEmail": "${{APIM__PUBLISHEREMAIL}}",
        "apimPublisherName": "${{APIM__PUBLISHERNAME}}"
      }
    }
  }
}