{{header}}

provision:
{{teamsAppCreate}}

{{localBotAadAppCreate}}

  # Create or update the bot registration on dev.botframework.com
  - uses: botFramework/create
    with:
      botId: $\{{BOT_ID}}
      name: $\{{CONFIG__MANIFEST__APPNAME__SHORT}}-bot
      messagingEndpoint: $\{{PROVISIONOUTPUT__WEBAPPOUTPUT__SITEENDPOINT}}/api/messages
      description: ""
      channels:
        - name: msteams

{{localTeamsAppUpdate}}

deploy:
  # Generate runtime environment variables
  - uses: file/createOrUpdateEnvironmentFile
    with:
      target: ./bot/.env.teamsfx.local
      envs:
        BOT_ID: $\{{BOT_ID}}
        BOT_PASSWORD: $\{{SECRET_BOT_PASSWORD}}

  # Run npm command
  - uses: cli/runNpmCommand
    with:
      args: install --no-audit
      workingDirectory: ./bot

