{
    "version": "2.0.0",
    "tasks": [
        {
            "label": "Pre Debug Check",
            "dependsOn": [
                "dependency check",
                "prepare dev env"
            ],
            "dependsOrder": "sequence"
        },
        {
            // Check if all required prerequisites are installed and will install them if not.
            // See https://aka.ms/teamsfx-check-prerequisites-task to know the details and how to customize the args.
            "label": "dependency check",
            "type": "teamsfx",
            "command": "debug-check-prerequisites",
            "args": {
                "prerequisites": [
                    "nodejs", // Validate if Node.js is installed.
                    "m365Account", // Sign-in prompt for Microsoft 365 account, then validate if the account enables the sideloading permission.
                    "portOccupancy" // Validate available ports to ensure those debug ones are not occupied.
                ],
                "portOccupancy": [
                    53000 // tab service port
                ]
            }
        },
        {
            "label": "prepare dev env",
            "dependsOn": [
                "prepare local environment",
                "frontend npm install"
            ],
            "dependsOrder": "parallel"
        },
        {
            "label": "prepare local environment",
            "dependsOn": [
                "Provision",
                "Deploy"
            ],
            "dependsOrder": "sequence"
        },
        {
            // Create the debug resources.
            // See https://aka.ms/teamsfx-tasks/provision to know the details and how to customize the args.
            "label": "Provision",
            "type": "teamsfx",
            "command": "provision",
            "args": {
                "env": "local"
            }
        },
        {
            // Build project.
            // See https://aka.ms/teamsfx-tasks/deploy to know the details and how to customize the args.
            "label": "Deploy",
            "type": "teamsfx",
            "command": "deploy",
            "args": {
                "env": "local"
            }
        },
        {
            "label": "Start Frontend",
            "dependsOn": [
                "Start frontend",
                "Start auth"
            ],
            "dependsOrder": "parallel"
        },
        {
            "label": "Start auth",
            "type": "shell",
            "command": "dotnet Microsoft.TeamsFx.SimpleAuth.dll",
            "isBackground": true,
            "options": {
                "cwd": "SIMPLE_AUTH_PATH",
                "env": {
                    "ASPNETCORE_ENVIRONMENT": "Development",
                    "PATH": "${command:fx-extension.get-dotnet-path}${env:PATH}"
                }
            },
            "problemMatcher": {
                "pattern": [
                    {
                        "regexp": "^.*$",
                        "file": 0,
                        "location": 1,
                        "message": 2
                    }
                ],
                "background": {
                    "activeOnStart": true,
                    "beginsPattern": ".*",
                    "endsPattern": ".*"
                }
            }
        },
        {
            "label": "Start frontend",
            "type": "shell",
            "command": "npx env-cmd --silent -f .localConfigs react-scripts start",
            "isBackground": true,
            "options": {
                "cwd": "${workspaceFolder}/tabs"
            },
            "problemMatcher": {
                "pattern": {
                    "regexp": "^.*$",
                    "file": 0,
                    "location": 1,
                    "message": 2
                },
                "background": {
                    "activeOnStart": true,
                    "beginsPattern": ".*",
                    "endsPattern": "Compiled|Failed|compiled|failed"
                }
            }
        },
        {
            "label": "frontend npm install",
            "type": "shell",
            "command": "npm install",
            "options": {
                "cwd": "${workspaceFolder}/tabs"
            }
        }
    ]
}