{
  "$schema": "https://developer.microsoft.com/en-us/json-schemas/teams/v1.11/MicrosoftTeams.schema.json",
  "manifestVersion": "1.11",
  "packageName": "com.microsoft.teams.extension",
  "id": "${{TEAMS_APP_ID}}",
  "version": "1.0.0",
  "developer": {
      "name": "SPFx + Teams Dev",
      "websiteUrl": "https://products.office.com/en-us/sharepoint/collaboration",
      "privacyUrl": "https://privacy.microsoft.com/en-us/privacystatement",
      "termsOfUseUrl": "https://www.microsoft.com/en-us/servicesagreement"
  },
  "name": {
      "short": "${{CONFIG__MANIFEST__APPNAME__SHORT}}",
      "full": "${{CONFIG__MANIFEST__APPNAME__FULL}}"
  },
  "description": {
      "short": "${{CONFIG__MANIFEST__DESCRIPTION__SHORT}}",
      "full": "${{CONFIG__MANIFEST__DESCRIPTION__FULL}}"
  },
  "icons": {
      "outline": "resources/outline.png",
      "color": "resources/color.png"
  },
  "accentColor": "#004578",
  "staticTabs": [
      {
          "entityId": "64f41b18-9e9b-453f-a004-cdafe3b4a5e9",
          "name": "helloworld",
          "contentUrl": "https://{teamSiteDomain}/_layouts/15/TeamsLogon.aspx?SPFX=true&dest=/_layouts/15/teamshostedapp.aspx%3Fteams%26personal%26componentId=64f41b18-9e9b-453f-a004-cdafe3b4a5e9%26forceLocale={locale}",
          "websiteUrl": "https://products.office.com/en-us/sharepoint/collaboration",
          "scopes": [
              "personal"
          ]
      }
  ],
  "configurableTabs": [
      {
          "configurationUrl": "https://{teamSiteDomain}{teamSitePath}/_layouts/15/TeamsLogon.aspx?SPFX=true&dest={teamSitePath}/_layouts/15/teamshostedapp.aspx%3FopenPropertyPane=true%26teams%26componentId=64f41b18-9e9b-453f-a004-cdafe3b4a5e9%26forceLocale={locale}",
          "canUpdateConfiguration": true,
          "scopes": [
              "team"
          ]
      }
  ],
  "permissions": [
      "identity",
      "messageTeamMembers"
  ],
  "validDomains": [
      "*.login.microsoftonline.com",
      "*.sharepoint.com",
      "*.sharepoint-df.com",
      "spoppe-a.akamaihd.net",
      "spoprod-a.akamaihd.net",
      "resourceseng.blob.core.windows.net",
      "msft.spoppe.com"
  ],
  "webApplicationInfo": {
      "resource": "https://{teamSiteDomain}",
      "id": "00000003-0000-0ff1-ce00-000000000000"
  }
}