// This file is automatically generated by Teams Toolkit.
// The teamsfx tasks defined in this file require Teams Toolkit version >= 4.1.0.
// See https://aka.ms/teamsfx-debug-tasks for details on how to customize each task and how to integrate with existing Teams Toolkit projects.
{
    "version": "2.0.0",
    "tasks": [
        {
            "label": "Start Teams App Locally",
            "dependsOn": [
                "Validate & install prerequisites",
                "Start local tunnel",
                "Provision",
                "Deploy",
                "Start services"
            ],
            "dependsOrder": "sequence"
        },
        {
            // Check if all required prerequisites are installed and will install them if not.
            // See https://aka.ms/teamsfx-check-prerequisites-task to know the details and how to customize the args.
            "label": "Validate & install prerequisites",
            "type": "teamsfx",
            "command": "debug-check-prerequisites",
            "args": {
                "prerequisites": [
                    "nodejs", // Validate if Node.js is installed.
                    "m365Account", // Sign-in prompt for Microsoft 365 account, then validate if the account enables the sideloading permission.
                    "portOccupancy" // Validate available ports to ensure those debug ones are not occupied.
                ],
                "portOccupancy": [
                    53000, // tab service port
                    7071, // backend service port
                    9229, // backend inspector port for Node.js debugger
                    3978, // bot service port
                    9239 // bot inspector port for Node.js debugger
                ]
            }
        },
        {
            // Start the local tunnel service to forward public URL to local port and inspect traffic.
            // See https://aka.ms/teamsfx-tasks/local-tunnel for the detailed args definitions.
            "label": "Start local tunnel",
            "type": "teamsfx",
            "command": "debug-start-local-tunnel",
            "args": {
                "type": "dev-tunnel",
                "ports": [
                    {
                        "portNumber": 3978,
                        "protocol": "http",
                        "access": "public",
                        "writeToEnvironmentFile": {
                            // Keep consistency with upgraded configuration.
                            "endpoint": "PROVISIONOUTPUT__AZUREFUNCTIONBOTOUTPUT__SITEENDPOINT",
                            "domain": "PROVISIONOUTPUT__AZUREFUNCTIONBOTOUTPUT__DOMAIN"
                        }
                    }
                ],
                "env": "local"
            },
            "isBackground": true,
            "problemMatcher": "$teamsfx-local-tunnel-watch"
        },
        {
            // Create the debug resources.
            // See https://aka.ms/teamsfx-tasks/provision to know the details and how to customize the args.
            "label": "Provision",
            "type": "teamsfx",
            "command": "provision",
            "args": {
                "env": "local"
            }
        },
        {
            // Build project.
            // See https://aka.ms/teamsfx-tasks/deploy to know the details and how to customize the args.
            "label": "Deploy",
            "type": "teamsfx",
            "command": "deploy",
            "args": {
                "env": "local"
            }
        },
        {
            "label": "Start services",
            "dependsOn": [
                "Start frontend",
                "Start backend",
                "Start bot"
            ]
        },
        {
            "label": "Start frontend",
            "type": "shell",
            "command": "npm run dev:teamsfx",
            "isBackground": true,
            "options": {
                "cwd": "${workspaceFolder}/tabs"
            },
            "problemMatcher": {
                "pattern": {
                    "regexp": "^.*$",
                    "file": 0,
                    "location": 1,
                    "message": 2
                },
                "background": {
                    "activeOnStart": true,
                    "beginsPattern": ".*",
                    "endsPattern": "Compiled|Failed|compiled|failed"
                }
            }
        },
        {
            "label": "Start backend",
            "type": "shell",
            "command": "npm run dev:teamsfx",
            "isBackground": true,
            "options": {
                "cwd": "${workspaceFolder}/api",
                "env": {
                    "PATH": "${workspaceFolder}/devTools/func${command:fx-extension.get-path-delimiter}${env:PATH}"
                }
            },
            "problemMatcher": {
                "pattern": {
                    "regexp": "^.*$",
                    "file": 0,
                    "location": 1,
                    "message": 2
                },
                "background": {
                    "activeOnStart": true,
                    "beginsPattern": "^.*(Job host stopped|signaling restart).*$",
                    "endsPattern": "^.*(Worker process started and initialized|Host lock lease acquired by instance ID).*$"
                }
            },
            "presentation": {
                "reveal": "silent"
            },
            "dependsOn": [
                "Install Azure Functions binding extensions",
                "Watch backend"
            ]
        },
        {
            // TeamsFx Azure Functions project depends on extra Azure Functions binding extensions for HTTP trigger authorization.
            "label": "Install Azure Functions binding extensions",
            "type": "shell",
            "command": "dotnet build extensions.csproj -o ./bin --ignore-failed-sources",
            "options": {
                "cwd": "${workspaceFolder}/api",
                "env": {
                    "PATH": "${command:fx-extension.get-dotnet-path}${env:PATH}"
                }
            },
            "presentation": {
                "reveal": "silent"
            }
        },
        {
            "label": "Watch backend",
            "type": "shell",
            "command": "npm run watch:teamsfx",
            "isBackground": true,
            "options": {
                "cwd": "${workspaceFolder}/api"
            },
            "problemMatcher": "$tsc-watch",
            "presentation": {
                "reveal": "silent"
            }
        },
        {
            "label": "Start bot",
            "type": "shell",
            "command": "npm run dev:teamsfx",
            "isBackground": true,
            "options": {
                "cwd": "${workspaceFolder}/bot",
                "env": {
                    "PATH": "${workspaceFolder}/devTools/func${command:fx-extension.get-path-delimiter}${env:PATH}"
                }
            },
            "problemMatcher": {
                "pattern": {
                    "regexp": "^.*$",
                    "file": 0,
                    "location": 1,
                    "message": 2
                },
                "background": {
                    "activeOnStart": true,
                    "beginsPattern": "^.*(Job host stopped|signaling restart).*$",
                    "endsPattern": "^.*(Worker process started and initialized|Host lock lease acquired by instance ID).*$"
                }
            },
            "presentation": {
                "reveal": "silent"
            },
            "dependsOn": [
                "Start Azurite emulator",
                "Watch bot"
            ]
        },
        {
            "label": "Start Azurite emulator",
            "type": "shell",
            "command": "npm run prepare-storage:teamsfx",
            "isBackground": true,
            "problemMatcher": {
                "pattern": [
                    {
                        "regexp": "^.*$",
                        "file": 0,
                        "location": 1,
                        "message": 2
                    }
                ],
                "background": {
                    "activeOnStart": true,
                    "beginsPattern": "Azurite",
                    "endsPattern": "successfully listening"
                }
            },
            "options": {
                "cwd": "${workspaceFolder}/bot"
            },
            "presentation": {
                "reveal": "silent"
            }
        },
        {
            "label": "Watch bot",
            "type": "shell",
            "command": "npm run watch:teamsfx",
            "isBackground": true,
            "options": {
                "cwd": "${workspaceFolder}/bot"
            },
            "problemMatcher": "$tsc-watch",
            "presentation": {
                "reveal": "silent"
            }
        }
    ]
}