{{header}}

provision:
{{aadAppCreate}}

{{teamsAppCreate}}

  - uses: script # Set env for local launch
    with:
      run:
        echo "::set-teamsfx-env PROVISIONOUTPUT__AZURESTORAGETABOUTPUT__DOMAIN=localhost:53000";
        echo "::set-teamsfx-env PROVISIONOUTPUT__AZURESTORAGETABOUTPUT__ENDPOINT=https://localhost:53000";
        echo "::set-teamsfx-env PROVISIONOUTPUT__AZURESTORAGETABOUTPUT__INDEXPATH=/index.html#";

{{aadAppUpdate}}

{{localTeamsAppUpdate}}

deploy:
  # Install development tool(s)
  - uses: devTool/install
    with:
      devCert:
        trust: true
    # Write the information of installed development tool(s) into environment
    # file for the specified environment variable(s).
    writeToEnvironmentFile:
      sslCertFile: SSL_CRT_FILE
      sslKeyFile: SSL_KEY_FILE

  # Generate runtime environment variables
  - uses: file/createOrUpdateEnvironmentFile
    with:
      target: ./tabs/.env.teamsfx.local
      envs:
        BROWSER: none
        HTTPS: true
        PORT: 53000
        SSL_CRT_FILE: $\{{SSL_CRT_FILE}}
        SSL_KEY_FILE: $\{{SSL_KEY_FILE}}

  # Generate runtime environment variables
  - uses: file/createOrUpdateEnvironmentFile
    with:
      target: ./tabs/.env.teamsfx.local
      envs:
        REACT_APP_START_LOGIN_PAGE_URL: $\{{PROVISIONOUTPUT__AZURESTORAGETABOUTPUT__ENDPOINT}}/auth-start.html
        REACT_APP_CLIENT_ID: $\{{AAD_APP_CLIENT_ID}}

  # Run npm command
  - uses: cli/runNpmCommand
    with:
      args: install --no-audit
      workingDirectory: tabs

