{{header}}

provision:
{{aadAppCreate}}

{{teamsAppCreate}}

{{localBotAadAppCreate}}

  # Create or update the bot registration on dev.botframework.com
  - uses: botFramework/create
    with:
      botId: $\{{BOT_ID}}
      name: $\{{CONFIG__MANIFEST__APPNAME__SHORT}}-bot
      messagingEndpoint: $\{{PROVISIONOUTPUT__BOTOUTPUT__SITEENDPOINT}}/api/messages
      description: ""
      channels:
        - name: msteams

{{aadAppUpdate}}

{{localTeamsAppUpdate}}

deploy:
  # Run npm command
  - uses: cli/runNpmCommand
    with:
      args: install -D env-cmd
      workingDirectory: .

  # Generate runtime environment variables
  - uses: file/createOrUpdateEnvironmentFile
    with:
      target: ./bot/.localConfigs
      envs:
        BOT_ID: $\{{BOT_ID}}
        BOT_PASSWORD: $\{{SECRET_BOT_PASSWORD}}
        M365_CLIENT_ID: $\{{AAD_APP_CLIENT_ID}}
        M365_CLIENT_SECRET: $\{{SECRET_AAD_APP_CLIENT_SECRET}}
        M365_TENANT_ID: $\{{AAD_APP_TENANT_ID}}
        M365_AUTHORITY_HOST: $\{{AAD_APP_OAUTH_AUTHORITY_HOST}}
        INITIATE_LOGIN_ENDPOINT: $\{{PROVISIONOUTPUT__BOTOUTPUT__SITEENDPOINT}}/auth-start.html
        M365_APPLICATION_ID_URI: api://botid-$\{{BOT_ID}}

