{{header}}

provision:
{{teamsAppCreate}}

{{localBotAadAppCreate}}

  # Create or update the bot registration on dev.botframework.com
  - uses: botFramework/create
    with:
      botId: $\{{BOT_ID}}
      name: $\{{CONFIG__MANIFEST__APPNAME__SHORT}}-bot
      messagingEndpoint: $\{{PROVISIONOUTPUT__BOTFUNCTIONOUTPUT__SITEENDPOINT}}/api/messages
      description: ""
      channels:
        - name: msteams

{{localTeamsAppUpdate}}

deploy:
  # Install development tool(s)
  - uses: devTool/install
    with:
      func:
        version: 4
        symlinkDir: ./devTools/func
    # Write the information of installed development tool(s) into environment
    # file for the specified environment variable(s).
    writeToEnvironmentFile:
      funcPath: FUNC_PATH

  # Generate runtime environment variables
  - uses: file/createOrUpdateEnvironmentFile
    with:
      target: ./bot/.env.teamsfx.local
      envs:
        BOT_ID: $\{{BOT_ID}}
        BOT_PASSWORD: $\{{SECRET_BOT_PASSWORD}}

  # Run npm command
  - uses: cli/runNpmCommand
    with:
      args: install --no-audit
      workingDirectory: bot

